127.0.0.1:55220 -> tcp -> some.server.com:8289

    8=FIX.4.49=9935=A34=149=MY_ORDERS52=20221112-00:57:16.86256=RECEIPIENT_SYSTEM98=0108=20141=Y554=password10=150

127.0.0.1:55220 <- tcp <- some.server.com:8289

    8=FIX.4.4\x019=00086\x0135=A\x0149=RECEIPIENT_SYSTEM\x0156=MY_ORDERS\x0134=1\x0152=20221112-00:57:17.090\x0198=0\x01108=20\x01141=Y\x0110=045\x01

127.0.0.1:55220 -> tcp -> some.server.com:8289

    8=FIX.4.4|9=68\x0135=5|34=2|49=MY_ORDERS|52=20221112-00:57:17.862|56=RECEIPIENT_SYSTEM|10=084|

127.0.0.1:55220 <- tcp <- some.server.com:8289